TRF-TRF;NOK1724.00;1724.00;TRF (WF/WF482) TRD;2019-08-09T09:55;2019-08-09T11:05;9;ECONOMY;L;TRD (WF/WF489) TRF;2019-08-09T19:15;2019-08-09T20:25;9;ECONOMY;K;FRIDAY;1;2019-01-18;
OSL-OSL;NOK1499.00;1499.00;OSL (SK/SK338) TRD;2019-08-09T10:10;2019-08-09T11:05;9;ECONOMY;O;TRD (SK/SK371) OSL;2019-08-09T16:15;2019-08-09T17:10;9;ECONOMY;O;FRIDAY;1;2019-01-18;
OSL-OSL;NOK1499.00;1499.00;OSL (SK/SK364) TRD;2019-08-09T17:00;2019-08-09T17:55;9;ECONOMY;O;TRD (SK/SK383) OSL;2019-08-09T20:55;2019-08-09T21:50;9;ECONOMY;O;FRIDAY;1;2019-01-18;
TRF-OSL;NOK1548.00;1548.00;TRF (WF/WF482) TRD;2019-08-09T09:55;2019-08-09T11:05;9;ECONOMY;L;TRD (SK/SK371) OSL;2019-08-09T16:15;2019-08-09T17:10;9;ECONOMY;O;FRIDAY;1;2019-01-18;
OSL-OSL;NOK1727.00;1727.00;OSL (DY/DY752) TRD;2019-08-09T15:10;2019-08-09T16:05;9;ECONOMY;X;TRD (DY/DY777) OSL;2019-08-09T20:30;2019-08-09T21:25;9;ECONOMY;X;FRIDAY;1;2019-01-18;
OSL-OSL;NOK1499.00;1499.00;OSL (SK/WX336) TRD;2019-08-09T08:40;2019-08-09T09:35;9;ECONOMY;O;TRD (SK/SK377) OSL;2019-08-09T18:20;2019-08-09T19:15;9;ECONOMY;O;FRIDAY;1;2019-01-18;
TRF-OSL;NOK1448.00;1448.00;TRF (WF/WF480) TRD;2019-08-09T06:45;2019-08-09T07:55;9;ECONOMY;T;TRD (SK/SK371) OSL;2019-08-09T16:15;2019-08-09T17:10;9;ECONOMY;O;FRIDAY;1;2019-01-18;
OSL-TRF;NOK1674.00;1674.00;OSL (SK/SK350) TRD;2019-08-09T14:05;2019-08-09T15:00;9;ECONOMY;O;TRD (WF/WF489) TRF;2019-08-09T19:15;2019-08-09T20:25;9;ECONOMY;K;FRIDAY;1;2019-01-18;
OSL-OSL;NOK1499.00;1499.00;OSL (SK/SK338) TRD;2019-08-09T10:10;2019-08-09T11:05;9;ECONOMY;O;TRD (SK/SK377) OSL;2019-08-09T18:20;2019-08-09T19:15;9;ECONOMY;O;FRIDAY;1;2019-01-18;
OSL-OSL;NOK1499.00;1499.00;OSL (SK/WX336) TRD;2019-08-09T08:40;2019-08-09T09:35;9;ECONOMY;O;TRD (SK/SK361) OSL;2019-08-09T14:15;2019-08-09T15:10;9;ECONOMY;O;FRIDAY;1;2019-01-18;
OSL-TRF;NOK1674.00;1674.00;OSL (SK/SK344) TRD;2019-08-09T12:55;2019-08-09T13:50;9;ECONOMY;O;TRD (WF/WF489) TRF;2019-08-09T19:15;2019-08-09T20:25;9;ECONOMY;K;FRIDAY;1;2019-01-18;
OSL-OSL;NOK1499.00;1499.00;OSL (SK/SK344) TRD;2019-08-09T12:55;2019-08-09T13:50;9;ECONOMY;O;TRD (SK/SK371) OSL;2019-08-09T16:15;2019-08-09T17:10;9;ECONOMY;O;FRIDAY;1;2019-01-18;
OSL-TRF;NOK1574.00;1574.00;OSL (SK/WX336) TRD;2019-08-09T08:40;2019-08-09T09:35;9;ECONOMY;O;TRD (WF/WF483) TRF;2019-08-09T15:40;2019-08-09T16:50;9;ECONOMY;L;FRIDAY;1;2019-01-18;
OSL-OSL;NOK1499.00;1499.00;OSL (SK/SK344) TRD;2019-08-09T12:55;2019-08-09T13:50;9;ECONOMY;O;TRD (SK/SK383) OSL;2019-08-09T20:55;2019-08-09T21:50;9;ECONOMY;O;FRIDAY;1;2019-01-18;
OSL-OSL;NOK1727.00;1727.00;OSL (DY/DY756) TRD;2019-08-09T14:40;2019-08-09T15:35;9;ECONOMY;X;TRD (DY/DY777) OSL;2019-08-09T20:30;2019-08-09T21:25;9;ECONOMY;X;FRIDAY;1;2019-01-18;
OSL-OSL;NOK1499.00;1499.00;OSL (SK/WX336) TRD;2019-08-09T08:40;2019-08-09T09:35;9;ECONOMY;O;TRD (SK/SK371) OSL;2019-08-09T16:15;2019-08-09T17:10;9;ECONOMY;O;FRIDAY;1;2019-01-18;
OSL-TRF;NOK1574.00;1574.00;OSL (SK/SK338) TRD;2019-08-09T10:10;2019-08-09T11:05;9;ECONOMY;O;TRD (WF/WF483) TRF;2019-08-09T15:40;2019-08-09T16:50;9;ECONOMY;L;FRIDAY;1;2019-01-18;
OSL-OSL;NOK1499.00;1499.00;OSL (SK/SK350) TRD;2019-08-09T14:05;2019-08-09T15:00;9;ECONOMY;O;TRD (SK/SK383) OSL;2019-08-09T20:55;2019-08-09T21:50;9;ECONOMY;O;FRIDAY;1;2019-01-18;
TRF-TRF;NOK1624.00;1624.00;TRF (WF/WF480) TRD;2019-08-09T06:45;2019-08-09T07:55;9;ECONOMY;T;TRD (WF/WF489) TRF;2019-08-09T19:15;2019-08-09T20:25;9;ECONOMY;K;FRIDAY;1;2019-01-18;
OSL-OSL;NOK1727.00;1727.00;OSL (DY/DY742) TRD;2019-08-09T08:00;2019-08-09T08:55;9;ECONOMY;X;TRD (DY/DY773) OSL;2019-08-09T16:00;2019-08-09T16:55;9;ECONOMY;X;FRIDAY;1;2019-01-18;
OSL-TRF;NOK1674.00;1674.00;OSL (SK/SK354) TRD;2019-08-09T14:55;2019-08-09T15:50;9;ECONOMY;O;TRD (WF/WF489) TRF;2019-08-09T19:15;2019-08-09T20:25;9;ECONOMY;K;FRIDAY;1;2019-01-18;
TRF-TRF;NOK1623.00;1623.00;TRF (WF/WF482) TRD;2019-08-09T09:55;2019-08-09T11:05;9;ECONOMY;L;TRD (WF/WF483) TRF;2019-08-09T15:40;2019-08-09T16:50;9;ECONOMY;L;FRIDAY;1;2019-01-18;
OSL-OSL;NOK1499.00;1499.00;OSL (SK/SK354) TRD;2019-08-09T14:55;2019-08-09T15:50;9;ECONOMY;O;TRD (SK/SK383) OSL;2019-08-09T20:55;2019-08-09T21:50;9;ECONOMY;O;FRIDAY;1;2019-01-18;
OSL-OSL;NOK1499.00;1499.00;OSL (SK/SK338) TRD;2019-08-09T10:10;2019-08-09T11:05;9;ECONOMY;O;TRD (SK/SK383) OSL;2019-08-09T20:55;2019-08-09T21:50;9;ECONOMY;O;FRIDAY;1;2019-01-18;
OSL-OSL;NOK1727.00;1727.00;OSL (DY/DY742) TRD;2019-08-09T08:00;2019-08-09T08:55;9;ECONOMY;X;TRD (DY/DY757) OSL;2019-08-09T12:00;2019-08-09T12:55;9;ECONOMY;X;FRIDAY;1;2019-01-18;
OSL-OSL;NOK1727.00;1727.00;OSL (DY/DY754) TRD;2019-08-09T13:20;2019-08-09T14:15;9;ECONOMY;X;TRD (DY/DY769) OSL;2019-08-09T17:40;2019-08-09T18:35;9;ECONOMY;X;FRIDAY;1;2019-01-18;
OSL-OSL;NOK1499.00;1499.00;OSL (SK/WX336) TRD;2019-08-09T08:40;2019-08-09T09:35;9;ECONOMY;O;TRD (SK/SK365) OSL;2019-08-09T15:30;2019-08-09T16:25;9;ECONOMY;O;FRIDAY;1;2019-01-18;
OSL-OSL;NOK1727.00;1727.00;OSL (DY/DY756) TRD;2019-08-09T14:40;2019-08-09T15:35;9;ECONOMY;X;TRD (DY/DY769) OSL;2019-08-09T17:40;2019-08-09T18:35;9;ECONOMY;X;FRIDAY;1;2019-01-18;
OSL-OSL;NOK1727.00;1727.00;OSL (DY/DY748) TRD;2019-08-09T10:40;2019-08-09T11:35;9;ECONOMY;X;TRD (DY/DY773) OSL;2019-08-09T16:00;2019-08-09T16:55;9;ECONOMY;X;FRIDAY;1;2019-01-18;
TRF-TRF;NOK1523.00;1523.00;TRF (WF/WF480) TRD;2019-08-09T06:45;2019-08-09T07:55;9;ECONOMY;T;TRD (WF/WF483) TRF;2019-08-09T15:40;2019-08-09T16:50;9;ECONOMY;L;FRIDAY;1;2019-01-18;
TRF-OSL;NOK1448.00;1448.00;TRF (WF/WF480) TRD;2019-08-09T06:45;2019-08-09T07:55;9;ECONOMY;T;TRD (SK/SK377) OSL;2019-08-09T18:20;2019-08-09T19:15;9;ECONOMY;O;FRIDAY;1;2019-01-18;
OSL-OSL;NOK1499.00;1499.00;OSL (SK/SK350) TRD;2019-08-09T14:05;2019-08-09T15:00;9;ECONOMY;O;TRD (SK/SK377) OSL;2019-08-09T18:20;2019-08-09T19:15;9;ECONOMY;O;FRIDAY;1;2019-01-18;
TRF-OSL;NOK1548.00;1548.00;TRF (WF/WF482) TRD;2019-08-09T09:55;2019-08-09T11:05;9;ECONOMY;L;TRD (SK/SK377) OSL;2019-08-09T18:20;2019-08-09T19:15;9;ECONOMY;O;FRIDAY;1;2019-01-18;
TRF-OSL;NOK1448.00;1448.00;TRF (WF/WF480) TRD;2019-08-09T06:45;2019-08-09T07:55;9;ECONOMY;T;TRD (SK/SK365) OSL;2019-08-09T15:30;2019-08-09T16:25;9;ECONOMY;O;FRIDAY;1;2019-01-18;
TRF-OSL;NOK1548.00;1548.00;TRF (WF/WF482) TRD;2019-08-09T09:55;2019-08-09T11:05;9;ECONOMY;L;TRD (SK/SK383) OSL;2019-08-09T20:55;2019-08-09T21:50;9;ECONOMY;O;FRIDAY;1;2019-01-18;
OSL-OSL;NOK1499.00;1499.00;OSL (SK/SK344) TRD;2019-08-09T12:55;2019-08-09T13:50;9;ECONOMY;O;TRD (SK/SK377) OSL;2019-08-09T18:20;2019-08-09T19:15;9;ECONOMY;O;FRIDAY;1;2019-01-18;
OSL-OSL;NOK1499.00;1499.00;OSL (SK/WX336) TRD;2019-08-09T08:40;2019-08-09T09:35;9;ECONOMY;O;TRD (SK/SK383) OSL;2019-08-09T20:55;2019-08-09T21:50;9;ECONOMY;O;FRIDAY;1;2019-01-18;
OSL-OSL;NOK1499.00;1499.00;OSL (SK/SK338) TRD;2019-08-09T10:10;2019-08-09T11:05;9;ECONOMY;O;TRD (SK/SK365) OSL;2019-08-09T15:30;2019-08-09T16:25;9;ECONOMY;O;FRIDAY;1;2019-01-18;
TRF-OSL;NOK1448.00;1448.00;TRF (WF/WF480) TRD;2019-08-09T06:45;2019-08-09T07:55;9;ECONOMY;T;TRD (SK/SK361) OSL;2019-08-09T14:15;2019-08-09T15:10;9;ECONOMY;O;FRIDAY;1;2019-01-18;
OSL-TRF;NOK1674.00;1674.00;OSL (SK/SK338) TRD;2019-08-09T10:10;2019-08-09T11:05;9;ECONOMY;O;TRD (WF/WF489) TRF;2019-08-09T19:15;2019-08-09T20:25;9;ECONOMY;K;FRIDAY;1;2019-01-18;
TRF-OSL;NOK1448.00;1448.00;TRF (WF/WF480) TRD;2019-08-09T06:45;2019-08-09T07:55;9;ECONOMY;T;TRD (SK/SK355) OSL;2019-08-09T11:30;2019-08-09T12:25;9;ECONOMY;O;FRIDAY;1;2019-01-18;
TRF-OSL;NOK1548.00;1548.00;TRF (WF/WF482) TRD;2019-08-09T09:55;2019-08-09T11:05;9;ECONOMY;L;TRD (SK/SK361) OSL;2019-08-09T14:15;2019-08-09T15:10;9;ECONOMY;O;FRIDAY;1;2019-01-18;
OSL-OSL;NOK1499.00;1499.00;OSL (SK/SK338) TRD;2019-08-09T10:10;2019-08-09T11:05;9;ECONOMY;O;TRD (SK/SK361) OSL;2019-08-09T14:15;2019-08-09T15:10;9;ECONOMY;O;FRIDAY;1;2019-01-18;
OSL-TRF;NOK1674.00;1674.00;OSL (SK/WX336) TRD;2019-08-09T08:40;2019-08-09T09:35;9;ECONOMY;O;TRD (WF/WF489) TRF;2019-08-09T19:15;2019-08-09T20:25;9;ECONOMY;K;FRIDAY;1;2019-01-18;
OSL-OSL;NOK1727.00;1727.00;OSL (DY/DY760) TRD;2019-08-09T16:20;2019-08-09T17:15;9;ECONOMY;X;TRD (DY/DY777) OSL;2019-08-09T20:30;2019-08-09T21:25;9;ECONOMY;X;FRIDAY;1;2019-01-18;
OSL-OSL;NOK1727.00;1727.00;OSL (DY/DY748) TRD;2019-08-09T10:40;2019-08-09T11:35;9;ECONOMY;X;TRD (DY/DY753) OSL;2019-08-09T16:40;2019-08-09T17:35;9;ECONOMY;X;FRIDAY;1;2019-01-18;
TRF-OSL;NOK1448.00;1448.00;TRF (WF/WF480) TRD;2019-08-09T06:45;2019-08-09T07:55;9;ECONOMY;T;TRD (SK/SK383) OSL;2019-08-09T20:55;2019-08-09T21:50;9;ECONOMY;O;FRIDAY;1;2019-01-18;
OSL-OSL;NOK1727.00;1727.00;OSL (DY/DY754) TRD;2019-08-09T13:20;2019-08-09T14:15;9;ECONOMY;X;TRD (DY/DY753) OSL;2019-08-09T16:40;2019-08-09T17:35;9;ECONOMY;X;FRIDAY;1;2019-01-18;
OSL-OSL;NOK1499.00;1499.00;OSL (SK/SK354) TRD;2019-08-09T14:55;2019-08-09T15:50;9;ECONOMY;O;TRD (SK/SK377) OSL;2019-08-09T18:20;2019-08-09T19:15;9;ECONOMY;O;FRIDAY;1;2019-01-18;
TRF-OSL;NOK1548.00;1548.00;TRF (WF/WF482) TRD;2019-08-09T09:55;2019-08-09T11:05;9;ECONOMY;L;TRD (SK/SK365) OSL;2019-08-09T15:30;2019-08-09T16:25;9;ECONOMY;O;FRIDAY;1;2019-01-18;
