OSL	TRD	400	Departure date should be after today's date.
