WF480;OSL-TRF;TRD-TRD;2020-05-01T06:40;NOK127.440;9;127;ECONOMY;T;FRIDAY;1;2019-04-06;
WF482;OSL-TRF;TRD-TRD;2020-05-01T09:55;NOK127.440;9;127;ECONOMY;T;FRIDAY;1;2019-04-06;
WF484;OSL-TRF;TRD-TRD;2020-05-01T14:20;NOK145.690;9;146;ECONOMY;K;FRIDAY;1;2019-04-06;
WF486;OSL-TRF;TRD-TRD;2020-05-01T18:10;NOK145.690;9;146;ECONOMY;K;FRIDAY;1;2019-04-06;
WF480;OSL-TRF;TRD-TRD;2020-05-01T06:40;NOK147.710;9;148;ECONOMY;T;FRIDAY;1;2019-04-06;
WF480;OSL-TRF;TRD-TRD;2020-05-01T06:40;NOK147.710;9;148;ECONOMY;T;FRIDAY;1;2019-04-06;
WF480;OSL-TRF;TRD-TRD;2020-05-01T06:40;NOK147.710;9;148;ECONOMY;T;FRIDAY;1;2019-04-06;
WF480;OSL-TRF;TRD-TRD;2020-05-01T06:40;NOK147.710;9;148;ECONOMY;T;FRIDAY;1;2019-04-06;
WF480;OSL-TRF;TRD-TRD;2020-05-01T06:40;NOK147.710;9;148;ECONOMY;T;FRIDAY;1;2019-04-06;
WF480;OSL-TRF;TRD-TRD;2020-05-01T06:40;NOK147.710;9;148;ECONOMY;T;FRIDAY;1;2019-04-06;
WF480;OSL-TRF;TRD-TRD;2020-05-01T06:40;NOK147.710;9;148;ECONOMY;T;FRIDAY;1;2019-04-06;
WF480;OSL-TRF;TRD-TRD;2020-05-01T06:40;NOK147.710;9;148;ECONOMY;T;FRIDAY;1;2019-04-06;
WF482;OSL-TRF;TRD-TRD;2020-05-01T09:55;NOK147.710;9;148;ECONOMY;T;FRIDAY;1;2019-04-06;
WF482;OSL-TRF;TRD-TRD;2020-05-01T09:55;NOK147.710;9;148;ECONOMY;T;FRIDAY;1;2019-04-06;
WF482;OSL-TRF;TRD-TRD;2020-05-01T09:55;NOK147.710;9;148;ECONOMY;T;FRIDAY;1;2019-04-06;
WF482;OSL-TRF;TRD-TRD;2020-05-01T09:55;NOK147.710;9;148;ECONOMY;T;FRIDAY;1;2019-04-06;
WF482;OSL-TRF;TRD-TRD;2020-05-01T09:55;NOK147.710;9;148;ECONOMY;T;FRIDAY;1;2019-04-06;
WF482;OSL-TRF;TRD-TRD;2020-05-01T09:55;NOK147.710;9;148;ECONOMY;T;FRIDAY;1;2019-04-06;
WF482;OSL-TRF;TRD-TRD;2020-05-01T09:55;NOK147.710;9;148;ECONOMY;T;FRIDAY;1;2019-04-06;
WF482;OSL-TRF;TRD-TRD;2020-05-01T09:55;NOK147.710;9;148;ECONOMY;T;FRIDAY;1;2019-04-06;
SK370;OSL-OSL;TRD-TRD;2020-05-01T19:45;NOK149.70;9;150;ECONOMY;T;FRIDAY;1;2019-04-06;
SK338;OSL-OSL;TRD-TRD;2020-05-01T10:50;NOK149.70;9;150;ECONOMY;T;FRIDAY;1;2019-04-06;
SK342;OSL-OSL;TRD-TRD;2020-05-01T12:35;NOK149.70;9;150;ECONOMY;T;FRIDAY;1;2019-04-06;
SK356;OSL-OSL;TRD-TRD;2020-05-01T15:10;NOK149.70;9;150;ECONOMY;T;FRIDAY;1;2019-04-06;
SK362;OSL-OSL;TRD-TRD;2020-05-01T15:40;NOK149.70;9;150;ECONOMY;T;FRIDAY;1;2019-04-06;
SK358;OSL-OSL;TRD-TRD;2020-05-01T16:20;NOK149.70;9;150;ECONOMY;T;FRIDAY;1;2019-04-06;
SK364;OSL-OSL;TRD-TRD;2020-05-01T17:00;NOK149.70;9;150;ECONOMY;T;FRIDAY;1;2019-04-06;
SK366;OSL-OSL;TRD-TRD;2020-05-01T18:10;NOK149.70;9;150;ECONOMY;T;FRIDAY;1;2019-04-06;
SK368;OSL-OSL;TRD-TRD;2020-05-01T18:45;NOK149.70;9;150;ECONOMY;T;FRIDAY;1;2019-04-06;
SK380;OSL-OSL;TRD-TRD;2020-05-01T20:15;NOK149.70;9;150;ECONOMY;T;FRIDAY;1;2019-04-06;
SK382;OSL-OSL;TRD-TRD;2020-05-01T21:45;NOK149.70;9;150;ECONOMY;T;FRIDAY;1;2019-04-06;
DY740;OSL-OSL;TRD-TRD;2020-05-01T07:10;NOK154.30;9;154;ECONOMY;X;FRIDAY;1;2019-04-06;
DY740;OSL-OSL;TRD-TRD;2020-05-01T07:10;NOK154.30;9;154;ECONOMY;X;FRIDAY;1;2019-04-06;
DY740;OSL-OSL;TRD-TRD;2020-05-01T07:10;NOK154.30;9;154;ECONOMY;X;FRIDAY;1;2019-04-06;
DY740;OSL-OSL;TRD-TRD;2020-05-01T07:10;NOK154.30;9;154;ECONOMY;X;FRIDAY;1;2019-04-06;
DY740;OSL-OSL;TRD-TRD;2020-05-01T07:10;NOK154.30;9;154;ECONOMY;X;FRIDAY;1;2019-04-06;
DY740;OSL-OSL;TRD-TRD;2020-05-01T07:10;NOK154.30;9;154;ECONOMY;X;FRIDAY;1;2019-04-06;
DY740;OSL-OSL;TRD-TRD;2020-05-01T07:10;NOK154.30;9;154;ECONOMY;X;FRIDAY;1;2019-04-06;
DY740;OSL-OSL;TRD-TRD;2020-05-01T07:10;NOK154.30;9;154;ECONOMY;X;FRIDAY;1;2019-04-06;
DY740;OSL-OSL;TRD-TRD;2020-05-01T07:10;NOK154.30;9;154;ECONOMY;X;FRIDAY;1;2019-04-06;
DY740;OSL-OSL;TRD-TRD;2020-05-01T07:10;NOK154.30;9;154;ECONOMY;X;FRIDAY;1;2019-04-06;
DY740;OSL-OSL;TRD-TRD;2020-05-01T07:10;NOK154.30;9;154;ECONOMY;X;FRIDAY;1;2019-04-06;
DY740;OSL-OSL;TRD-TRD;2020-05-01T07:10;NOK154.30;9;154;ECONOMY;X;FRIDAY;1;2019-04-06;
DY744;OSL-OSL;TRD-TRD;2020-05-01T08:55;NOK154.30;9;154;ECONOMY;X;FRIDAY;1;2019-04-06;
DY744;OSL-OSL;TRD-TRD;2020-05-01T08:55;NOK154.30;9;154;ECONOMY;X;FRIDAY;1;2019-04-06;
DY744;OSL-OSL;TRD-TRD;2020-05-01T08:55;NOK154.30;9;154;ECONOMY;X;FRIDAY;1;2019-04-06;
DY744;OSL-OSL;TRD-TRD;2020-05-01T08:55;NOK154.30;9;154;ECONOMY;X;FRIDAY;1;2019-04-06;
DY744;OSL-OSL;TRD-TRD;2020-05-01T08:55;NOK154.30;9;154;ECONOMY;X;FRIDAY;1;2019-04-06;
DY744;OSL-OSL;TRD-TRD;2020-05-01T08:55;NOK154.30;9;154;ECONOMY;X;FRIDAY;1;2019-04-06;
DY744;OSL-OSL;TRD-TRD;2020-05-01T08:55;NOK154.30;9;154;ECONOMY;X;FRIDAY;1;2019-04-06;
